PS C:\Users\taken> cd "C:\Users\taken\OneDrive\デスクトップ\git_challenge"
PS C:\Users\taken\OneDrive\デスクトップ\git_challenge> git init
Initialized empty Git repository in C:/Users/taken/OneDrive/デスクトップ/git_challenge/.git/
PS C:\Users\taken\OneDrive\デスクトップ\git_challenge> git add "C:\Users\taken\OneDrive\デスクトップ\git_challenge\hello_world.txt"
PS C:\Users\taken\OneDrive\デスクトップ\git_challenge> git commit -m "hello_world.txtを追加"
[main (root-commit) 657bcec] hello_world.txtを追加
 1 file changed, 1 insertion(+)
 create mode 100644 hello_world.txt
PS C:\Users\taken\OneDrive\デスクトップ\git_challenge> git status
On branch main
nothing to commit, working tree clean
PS C:\Users\taken\OneDrive\デスクトップ\git_challenge> git add "C:\Users\taken\OneDrive\デスクトップ\git_challenge\hello_world.txt"
PS C:\Users\taken\OneDrive\デスクトップ\git_challenge> git commit -m "日本語訳を追記"
[main e123107] 日本語訳を追記
 1 file changed, 2 insertions(+), 1 deletion(-)
PS C:\Users\taken\OneDrive\デスクトップ\git_challenge> git status
On branch main
nothing to commit, working tree clean